// Jest Snapshot v1, https://goo.gl/fbAQLP

exports[`Renders Twonne Logo 1`] = `
<View
  accessible={true}
  isTVSelectable={true}
  onResponderGrant={[Function]}
  onResponderMove={[Function]}
  onResponderRelease={[Function]}
  onResponderTerminate={[Function]}
  onResponderTerminationRequest={[Function]}
  onStartShouldSetResponder={[Function]}
  style={
    Object {
      "backgroundColor": "white",
      "borderRadius": 30,
    }
  }
>
  <View
    style={null}
  >
    <Text
      style={
        Object {
          "color": "white",
          "fontFamily": "ExpletusSans-BoldItalic",
          "fontSize": 14,
          "textShadowColor": "#FF9E54",
          "textShadowOffset": Object {
            "height": 2.3,
            "width": -2.3,
          },
          "textShadowRadius": 1,
        }
      }
    >
      Twonne
    </Text>
  </View>
</View>
`;
